// Jest Snapshot v1, https://goo.gl/fbAQLP

exports[`matches snapshot 1`] = `
<DocumentFragment>
  <div
    class="SearchForm mb-4 mt-4 ml-3 vw-100"
  >
    <form
      class=""
    >
      <div
        class="row"
      >
        <div
          class="col"
        >
          <input
            class="form-control"
            id="search"
            name="search"
            placeholder="Enter search term..."
            type="text"
            value=""
          />
        </div>
        <div
          class="col"
        >
           
          <button
            class="bg-warning btn btn-secondary"
          >
            Search
          </button>
        </div>
      </div>
    </form>
  </div>
</DocumentFragment>
`;
